2026-05-10 14:08:37 +0000 [MT] Initial pipeline context: <IDEDistributionProcessingPipelineContext: 0xc0a66d800; archive(resolved)="<IDEArchive: 0xc082dc150>", distributionTask(resolved)="2", distributionDestination(resolved)="1", distributionMethod(resolved)="<IDEDistributionMethodDevelopmentSigned: 0xc0a557590>", team(resolved)="<IDEProvisioningBasicTeam: 0xc07c4f040; teamID='Y85TSUMM4F', teamName='(null)'>">
	Chain (14, self inclusive):
	<IDEDistributionProcessingPipelineContext: 0xc0a66d800; archive = "<IDEArchive: 0xc082dc150>", distributionMethod="<IDEDistributionMethodDevelopmentSigned: 0xc0a557590>", team="<IDEProvisioningBasicTeam: 0xc07c4f040; teamID='Y85TSUMM4F', teamName='(null)'>">
	<IDEDistributionProcessingPipelineContext: 0xc0a66cf00; archive = "<IDEArchive: 0xc082dc150>", distributionMethod="<IDEDistributionMethodDevelopmentSigned: 0xc0a557590>", team="<IDEProvisioningBasicTeam: 0xc07c4f040; teamID='Y85TSUMM4F', teamName='(null)'>">
	<IDEDistributionContext: 0xc0a79a300; archive = "<IDEArchive: 0xc082dc150>", distributionMethod="<IDEDistributionMethodDevelopmentSigned: 0xc0a557590>", team="<IDEProvisioningBasicTeam: 0xc07c4f040; teamID='Y85TSUMM4F', teamName='(null)'>">
	<IDEDistributionContext: 0xc0a799400; archive = "<IDEArchive: 0xc082dc150>", distributionMethod="<IDEDistributionMethodDevelopmentSigned: 0xc0a557590>", team="<IDEProvisioningBasicTeam: 0xc07c4f040; teamID='Y85TSUMM4F', teamName='(null)'>">
	<IDEDistributionContext: 0xc0a799180; archive = "<IDEArchive: 0xc082dc150>", distributionMethod="<IDEDistributionMethodDevelopmentSigned: 0xc0a557590>", team="<IDEProvisioningBasicTeam: 0xc07c4f040; teamID='Y85TSUMM4F', teamName='(null)'>">
	<IDEDistributionContext: 0xc0a798f00; archive = "<IDEArchive: 0xc082dc150>", distributionMethod="<IDEDistributionMethodDevelopmentSigned: 0xc0a557590>", team="<IDEProvisioningBasicTeam: 0xc07c4f040; teamID='Y85TSUMM4F', teamName='(null)'>">
	<IDEDistributionContext: 0xc0a798c80; archive = "<IDEArchive: 0xc082dc150>", distributionMethod="<IDEDistributionMethodDevelopmentSigned: 0xc0a557590>", team="<IDEProvisioningBasicTeam: 0xc07c4f040; teamID='Y85TSUMM4F', teamName='(null)'>">
	<IDEDistributionContext: 0xc0a798a00; archive = "<IDEArchive: 0xc082dc150>", distributionMethod="<IDEDistributionMethodDevelopmentSigned: 0xc0a557590>", team="<IDEProvisioningBasicTeam: 0xc07c4f040; teamID='Y85TSUMM4F', teamName='(null)'>">
	<IDEDistributionContext: 0xc0a798780; archive = "<IDEArchive: 0xc082dc150>", distributionMethod="<IDEDistributionMethodDevelopmentSigned: 0xc0a557590>", team="<IDEProvisioningBasicTeam: 0xc07c4f040; teamID='Y85TSUMM4F', teamName='(null)'>">
	<IDEDistributionContext: 0xc0a798500; archive = "<IDEArchive: 0xc082dc150>", distributionMethod="<IDEDistributionMethodDevelopmentSigned: 0xc0a557590>", team="(null)">
	<IDEDistributionContext: 0xc0a798280; archive = "<IDEArchive: 0xc082dc150>", distributionMethod="<IDEDistributionMethodDevelopmentSigned: 0xc0a557590>", team="(null)">
	<IDEDistributionContext: 0xc0a798000; archive = "<IDEArchive: 0xc082dc150>", distributionMethod="<IDEDistributionMethodDevelopmentSigned: 0xc0a557590>", team="(null)">
	<IDEDistributionContext: 0x100b67c90; archive = "<IDEArchive: 0xc082dc150>", distributionMethod="<IDEDistributionMethodDevelopmentSigned: 0xc0a557590>", team="(null)">
	<IDEDistributionContext: 0x100b66d90; archive = "<IDEArchive: 0xc082dc150>", distributionMethod="(null)", team="(null)">
</IDEDistributionProcessingPipelineContext: 0xc0a66d800>
2026-05-10 14:08:37 +0000 [MT] Processing step: IDEDistributionCreateDestRootStep
2026-05-10 14:08:37 +0000 [MT] Processing step: IDEDistributionCopyItemStep
2026-05-10 14:08:37 +0000 [MT] Running /usr/bin/ditto '-V' '/Users/vlad/MyIIS/build_sideload/MyIIS-AppOnly.xcarchive/Products/Applications/MyIIS.app' '/var/folders/rg/1_pf61xn6_57gqmztzvs57880000gn/T/XcodeDistPipeline.~~~hrgD7m/Root/Payload/MyIIS.app'
2026-05-10 14:08:37 +0000  >>> Copying /Users/vlad/MyIIS/build_sideload/MyIIS-AppOnly.xcarchive/Products/Applications/MyIIS.app 
2026-05-10 14:08:37 +0000  copying file ./_CodeSignature/CodeResources ... 
2026-05-10 14:08:37 +0000  8045 bytes for ./_CodeSignature/CodeResources
2026-05-10 14:08:37 +0000  copying file ./logo60x60@2x.png ... 
2026-05-10 14:08:37 +0000  9440 bytes for ./logo60x60@2x.png
2026-05-10 14:08:37 +0000  copying file ./en.lproj/nlu.appintents/nlu.lzfse ... 
2026-05-10 14:08:37 +0000  3640 bytes for ./en.lproj/nlu.appintents/nlu.lzfse
2026-05-10 14:08:37 +0000  copying file ./en.lproj/nlu.appintents/a0a1785d432a457434299cbb5955f92c.version ... 
2026-05-10 14:08:37 +0000  1 bytes for ./en.lproj/nlu.appintents/a0a1785d432a457434299cbb5955f92c.version
2026-05-10 14:08:37 +0000  copying file ./en.lproj/Localizable.strings ... 
2026-05-10 14:08:37 +0000  11351 bytes for ./en.lproj/Localizable.strings
2026-05-10 14:08:37 +0000  copying file ./uk.lproj/nlu.appintents/nlu.lzfse ... 
2026-05-10 14:08:37 +0000  1071 bytes for ./uk.lproj/nlu.appintents/nlu.lzfse
2026-05-10 14:08:37 +0000  copying file ./uk.lproj/nlu.appintents/8784df2dec8baebff021a06079003df7.version ... 
2026-05-10 14:08:37 +0000  1 bytes for ./uk.lproj/nlu.appintents/8784df2dec8baebff021a06079003df7.version
2026-05-10 14:08:37 +0000  copying file ./uk.lproj/Localizable.strings ... 
2026-05-10 14:08:37 +0000  13690 bytes for ./uk.lproj/Localizable.strings
2026-05-10 14:08:37 +0000  copying file ./Metadata.appintents/version.json ... 
2026-05-10 14:08:37 +0000  52 bytes for ./Metadata.appintents/version.json
2026-05-10 14:08:37 +0000  copying file ./Metadata.appintents/extract.actionsdata ... 
2026-05-10 14:08:37 +0000  7899 bytes for ./Metadata.appintents/extract.actionsdata
2026-05-10 14:08:37 +0000  copying file ./be.lproj/nlu.appintents/nlu.lzfse ... 
2026-05-10 14:08:37 +0000  1073 bytes for ./be.lproj/nlu.appintents/nlu.lzfse
2026-05-10 14:08:37 +0000  copying file ./be.lproj/nlu.appintents/fcbb97f5375f38dae14047a3ff24f2f2.version ... 
2026-05-10 14:08:37 +0000  1 bytes for ./be.lproj/nlu.appintents/fcbb97f5375f38dae14047a3ff24f2f2.version
2026-05-10 14:08:37 +0000  copying file ./be.lproj/Localizable.strings ... 
2026-05-10 14:08:37 +0000  13574 bytes for ./be.lproj/Localizable.strings
2026-05-10 14:08:37 +0000  copying file ./Assets.car ... 
2026-05-10 14:08:37 +0000  2296808 bytes for ./Assets.car
2026-05-10 14:08:37 +0000  copying file ./PrivacyInfo.xcprivacy ... 
2026-05-10 14:08:37 +0000  598 bytes for ./PrivacyInfo.xcprivacy
2026-05-10 14:08:37 +0000  copying file ./ru.lproj/nlu.appintents/nlu.lzfse ... 
2026-05-10 14:08:37 +0000  3930 bytes for ./ru.lproj/nlu.appintents/nlu.lzfse
2026-05-10 14:08:37 +0000  copying file ./ru.lproj/nlu.appintents/d2b9ad4b5b992381396bf4032430c5df.version ... 
2026-05-10 14:08:37 +0000  1 bytes for ./ru.lproj/nlu.appintents/d2b9ad4b5b992381396bf4032430c5df.version
2026-05-10 14:08:37 +0000  copying file ./ru.lproj/Localizable.strings ... 
2026-05-10 14:08:37 +0000  15010 bytes for ./ru.lproj/Localizable.strings
2026-05-10 14:08:37 +0000  copying file ./MyIIS ... 
2026-05-10 14:08:37 +0000  2721136 bytes for ./MyIIS
2026-05-10 14:08:37 +0000  copying file ./embedded.mobileprovision ... 
2026-05-10 14:08:37 +0000  16674 bytes for ./embedded.mobileprovision
2026-05-10 14:08:37 +0000  copying file ./Info.plist ... 
2026-05-10 14:08:37 +0000  1838 bytes for ./Info.plist
2026-05-10 14:08:37 +0000  copying file ./PkgInfo ... 
2026-05-10 14:08:37 +0000  8 bytes for ./PkgInfo
2026-05-10 14:08:37 +0000  copying file ./logo76x76@2x~ipad.png ... 
2026-05-10 14:08:37 +0000  12726 bytes for ./logo76x76@2x~ipad.png
2026-05-10 14:08:37 +0000 [MT] /usr/bin/ditto exited with 0
2026-05-10 14:08:37 +0000 [MT] Processing step: IDEDistributionEmbedProfileStep
2026-05-10 14:08:37 +0000 [MT] Processing step: IDEDistributionInfoPlistStep
2026-05-10 14:08:37 +0000 [MT] Skipping step: IDEDistributionInfoPlistStep because it said so
2026-05-10 14:08:37 +0000 [MT] Processing step: IDEDistributionAppThinningPlistStep
2026-05-10 14:08:37 +0000 [MT] Skipping step: IDEDistributionAppThinningPlistStep because it said so
2026-05-10 14:08:37 +0000 [MT] Processing step: IDEDistributionSymbolsStep
2026-05-10 14:08:37 +0000 [MT] Skipping step: IDEDistributionSymbolsStep because it said so
2026-05-10 14:08:37 +0000 [MT] Processing step: IDEDistributionAppThinningStep
2026-05-10 14:08:37 +0000 [MT] Skipping step: IDEDistributionAppThinningStep because it said so
2026-05-10 14:08:37 +0000 [MT] Processing step: IDEDistributionArchThinningStep
2026-05-10 14:08:37 +0000 [MT] Archs to thin for item /Users/vlad/MyIIS/build_sideload/MyIIS-AppOnly.xcarchive/Products/Applications/MyIIS.app are []
2026-05-10 14:08:37 +0000 [MT] Processing step: IDEDistributionODRStep
2026-05-10 14:08:37 +0000 [MT] Processing step: IDEDistributionStripXattrsStep
2026-05-10 14:08:37 +0000 [MT] Skipping stripping extended attributes because the codesign step will strip them.
2026-05-10 14:08:37 +0000 [MT] Processing step: IDEDistributionCodesignStep
2026-05-10 14:08:37 +0000 [MT] Entitlements for <IDEDistributionItem: 0xc07c540c0; bundleID='com.OrDinaD.MyIIS', path='<DVTFilePath:0xc082c5680:'/Users/vlad/MyIIS/build_sideload/MyIIS-AppOnly.xcarchive/Products/Applications/MyIIS.app'>', codeSigningInfo='<_DVTCodeSigningInformation_Path: 0xc07c54060; isSigned='1', isAdHocSigned='0', signingCertificate='<DVTSigningCertificate: 0xc07c0c540; name='Apple Development: vlad.vasilevskiy.07@gmail.com (AYZ66XBR73)', hash='9C53CB45B5713C124972C258648C5D0FB1F4E8B8', serialNumber='19ED269BE92C97C97AD967BC53DD5AD8', certificateKinds='(
    "1.2.840.113635.100.6.1.12",
    "1.2.840.113635.100.6.1.2"
), issueDate='2026-02-15 08:20:02 +0000''>', entitlements='{
    "application-identifier" = "Y85TSUMM4F.com.OrDinaD.MyIIS";
    "com.apple.developer.team-identifier" = Y85TSUMM4F;
    "com.apple.security.application-groups" =     (
        "group.com.OrDinaD.MyIIS"
    );
    "get-task-allow" = 1;
}', teamID='Y85TSUMM4F', identifier='com.OrDinaD.MyIIS', executablePath='<DVTFilePath:0xc082c7ae0:'/Users/vlad/MyIIS/build_sideload/MyIIS-AppOnly.xcarchive/Products/Applications/MyIIS.app/MyIIS'>', hardenedRuntime='0'>'>: {
    "application-identifier" = "Y85TSUMM4F.com.OrDinaD.MyIIS";
    "com.apple.developer.team-identifier" = Y85TSUMM4F;
    "com.apple.security.application-groups" =     (
        "group.com.OrDinaD.MyIIS"
    );
    "get-task-allow" = 1;
}
2026-05-10 14:08:37 +0000 [MT] Associated App Clip Identifiers Filter: Skipping because "com.apple.developer.associated-appclip-app-identifiers" is not present
2026-05-10 14:08:37 +0000 [MT] Entitlements for <IDEDistributionItem: 0xc07c540c0; bundleID='com.OrDinaD.MyIIS', path='<DVTFilePath:0xc082c5680:'/Users/vlad/MyIIS/build_sideload/MyIIS-AppOnly.xcarchive/Products/Applications/MyIIS.app'>', codeSigningInfo='<_DVTCodeSigningInformation_Path: 0xc07c54060; isSigned='1', isAdHocSigned='0', signingCertificate='<DVTSigningCertificate: 0xc07c0c300; name='Apple Development: vlad.vasilevskiy.07@gmail.com (AYZ66XBR73)', hash='9C53CB45B5713C124972C258648C5D0FB1F4E8B8', serialNumber='19ED269BE92C97C97AD967BC53DD5AD8', certificateKinds='(
    "1.2.840.113635.100.6.1.12",
    "1.2.840.113635.100.6.1.2"
), issueDate='2026-02-15 08:20:02 +0000''>', entitlements='{
    "application-identifier" = "Y85TSUMM4F.com.OrDinaD.MyIIS";
    "com.apple.developer.team-identifier" = Y85TSUMM4F;
    "com.apple.security.application-groups" =     (
        "group.com.OrDinaD.MyIIS"
    );
    "get-task-allow" = 1;
}', teamID='Y85TSUMM4F', identifier='com.OrDinaD.MyIIS', executablePath='<DVTFilePath:0xc082c7ae0:'/Users/vlad/MyIIS/build_sideload/MyIIS-AppOnly.xcarchive/Products/Applications/MyIIS.app/MyIIS'>', hardenedRuntime='0'>'> are: {
    "application-identifier" = "Y85TSUMM4F.com.OrDinaD.MyIIS";
    "com.apple.developer.team-identifier" = Y85TSUMM4F;
    "com.apple.security.application-groups" =     (
        "group.com.OrDinaD.MyIIS"
    );
    "get-task-allow" = 1;
}
2026-05-10 14:08:37 +0000 [MT] Writing entitlements for <IDEDistributionItem: 0xc07c540c0; bundleID='com.OrDinaD.MyIIS', path='<DVTFilePath:0xc082c5680:'/Users/vlad/MyIIS/build_sideload/MyIIS-AppOnly.xcarchive/Products/Applications/MyIIS.app'>', codeSigningInfo='<_DVTCodeSigningInformation_Path: 0xc07c54060; isSigned='1', isAdHocSigned='0', signingCertificate='<DVTSigningCertificate: 0xc07c0c300; name='Apple Development: vlad.vasilevskiy.07@gmail.com (AYZ66XBR73)', hash='9C53CB45B5713C124972C258648C5D0FB1F4E8B8', serialNumber='19ED269BE92C97C97AD967BC53DD5AD8', certificateKinds='(
    "1.2.840.113635.100.6.1.12",
    "1.2.840.113635.100.6.1.2"
), issueDate='2026-02-15 08:20:02 +0000''>', entitlements='{
    "application-identifier" = "Y85TSUMM4F.com.OrDinaD.MyIIS";
    "com.apple.developer.team-identifier" = Y85TSUMM4F;
    "com.apple.security.application-groups" =     (
        "group.com.OrDinaD.MyIIS"
    );
    "get-task-allow" = 1;
}', teamID='Y85TSUMM4F', identifier='com.OrDinaD.MyIIS', executablePath='<DVTFilePath:0xc082c7ae0:'/Users/vlad/MyIIS/build_sideload/MyIIS-AppOnly.xcarchive/Products/Applications/MyIIS.app/MyIIS'>', hardenedRuntime='0'>'> to: /var/folders/rg/1_pf61xn6_57gqmztzvs57880000gn/T/XcodeDistPipeline.~~~hrgD7m/entitlements~~~58O6yi
2026-05-10 14:08:37 +0000 [MT] invoking codesign: <NSConcreteTask: 0xc07d65270; launchPath='/usr/bin/codesign', arguments='(
    "-f",
    "-s",
    9C53CB45B5713C124972C258648C5D0FB1F4E8B8,
    "--entitlements",
    "/var/folders/rg/1_pf61xn6_57gqmztzvs57880000gn/T/XcodeDistPipeline.~~~hrgD7m/entitlements~~~58O6yi",
    "--preserve-metadata=identifier,flags,runtime,launch-constraints,library-constraints",
    "--generate-entitlement-der",
    "--strip-disallowed-xattrs",
    "-vvv",
    "/var/folders/rg/1_pf61xn6_57gqmztzvs57880000gn/T/XcodeDistPipeline.~~~hrgD7m/Root/Payload/MyIIS.app"
)'>
2026-05-10 14:08:37 +0000 [MT] codesign output: /var/folders/rg/1_pf61xn6_57gqmztzvs57880000gn/T/XcodeDistPipeline.~~~hrgD7m/Root/Payload/MyIIS.app: replacing existing signature
/var/folders/rg/1_pf61xn6_57gqmztzvs57880000gn/T/XcodeDistPipeline.~~~hrgD7m/Root/Payload/MyIIS.app: signed app bundle with Mach-O thin (arm64) [com.OrDinaD.MyIIS]
2026-05-10 14:08:37 +0000 [MT] Processing step: IDEDistributionZipODRItemStep
2026-05-10 14:08:37 +0000 [MT] Skipping step: IDEDistributionZipODRItemStep because it said so
2026-05-10 14:08:37 +0000 [MT] Processing step: IDEDistributionCreateIPAStep
2026-05-10 14:08:37 +0000 [MT] Running /usr/bin/ditto '-V' '-c' '-k' '--norsrc' '/var/folders/rg/1_pf61xn6_57gqmztzvs57880000gn/T/XcodeDistPipeline.~~~hrgD7m/Root' '/var/folders/rg/1_pf61xn6_57gqmztzvs57880000gn/T/XcodeDistPipeline.~~~hrgD7m/Packages/MyIIS.ipa'
2026-05-10 14:08:37 +0000  >>> Copying /var/folders/rg/1_pf61xn6_57gqmztzvs57880000gn/T/XcodeDistPipeline.~~~hrgD7m/Root 
2026-05-10 14:08:37 +0000  copying file ./Payload/MyIIS.app/_CodeSignature/CodeResources ... 
2026-05-10 14:08:37 +0000  8045 bytes for ./Payload/MyIIS.app/_CodeSignature/CodeResources
2026-05-10 14:08:37 +0000  copying file ./Payload/MyIIS.app/logo60x60@2x.png ... 
2026-05-10 14:08:37 +0000  9440 bytes for ./Payload/MyIIS.app/logo60x60@2x.png
2026-05-10 14:08:37 +0000  copying file ./Payload/MyIIS.app/en.lproj/nlu.appintents/nlu.lzfse ... 
2026-05-10 14:08:37 +0000  3640 bytes for ./Payload/MyIIS.app/en.lproj/nlu.appintents/nlu.lzfse
2026-05-10 14:08:37 +0000  copying file ./Payload/MyIIS.app/en.lproj/nlu.appintents/a0a1785d432a457434299cbb5955f92c.version ... 
2026-05-10 14:08:37 +0000  1 bytes for ./Payload/MyIIS.app/en.lproj/nlu.appintents/a0a1785d432a457434299cbb5955f92c.version
2026-05-10 14:08:37 +0000  copying file ./Payload/MyIIS.app/en.lproj/Localizable.strings ... 
2026-05-10 14:08:37 +0000  11351 bytes for ./Payload/MyIIS.app/en.lproj/Localizable.strings
2026-05-10 14:08:37 +0000  copying file ./Payload/MyIIS.app/uk.lproj/nlu.appintents/nlu.lzfse ... 
2026-05-10 14:08:37 +0000  1071 bytes for ./Payload/MyIIS.app/uk.lproj/nlu.appintents/nlu.lzfse
2026-05-10 14:08:37 +0000  copying file ./Payload/MyIIS.app/uk.lproj/nlu.appintents/8784df2dec8baebff021a06079003df7.version ... 
2026-05-10 14:08:37 +0000  1 bytes for ./Payload/MyIIS.app/uk.lproj/nlu.appintents/8784df2dec8baebff021a06079003df7.version
2026-05-10 14:08:37 +0000  copying file ./Payload/MyIIS.app/uk.lproj/Localizable.strings ... 
2026-05-10 14:08:37 +0000  13690 bytes for ./Payload/MyIIS.app/uk.lproj/Localizable.strings
2026-05-10 14:08:37 +0000  copying file ./Payload/MyIIS.app/Metadata.appintents/version.json ... 
2026-05-10 14:08:37 +0000  52 bytes for ./Payload/MyIIS.app/Metadata.appintents/version.json
2026-05-10 14:08:37 +0000  copying file ./Payload/MyIIS.app/Metadata.appintents/extract.actionsdata ... 
2026-05-10 14:08:37 +0000  7899 bytes for ./Payload/MyIIS.app/Metadata.appintents/extract.actionsdata
2026-05-10 14:08:37 +0000  copying file ./Payload/MyIIS.app/be.lproj/nlu.appintents/nlu.lzfse ... 
2026-05-10 14:08:37 +0000  1073 bytes for ./Payload/MyIIS.app/be.lproj/nlu.appintents/nlu.lzfse
2026-05-10 14:08:37 +0000  copying file ./Payload/MyIIS.app/be.lproj/nlu.appintents/fcbb97f5375f38dae14047a3ff24f2f2.version ... 
2026-05-10 14:08:37 +0000  1 bytes for ./Payload/MyIIS.app/be.lproj/nlu.appintents/fcbb97f5375f38dae14047a3ff24f2f2.version
2026-05-10 14:08:37 +0000  copying file ./Payload/MyIIS.app/be.lproj/Localizable.strings ... 
2026-05-10 14:08:37 +0000  13574 bytes for ./Payload/MyIIS.app/be.lproj/Localizable.strings
2026-05-10 14:08:37 +0000  copying file ./Payload/MyIIS.app/Assets.car ... 
2026-05-10 14:08:37 +0000  2296808 bytes for ./Payload/MyIIS.app/Assets.car
2026-05-10 14:08:37 +0000  copying file ./Payload/MyIIS.app/PrivacyInfo.xcprivacy ... 
598 bytes for ./Payload/MyIIS.app/PrivacyInfo.xcprivacy
2026-05-10 14:08:37 +0000  copying file ./Payload/MyIIS.app/ru.lproj/nlu.appintents/nlu.lzfse ... 
2026-05-10 14:08:37 +0000  3930 bytes for ./Payload/MyIIS.app/ru.lproj/nlu.appintents/nlu.lzfse
2026-05-10 14:08:37 +0000  copying file ./Payload/MyIIS.app/ru.lproj/nlu.appintents/d2b9ad4b5b992381396bf4032430c5df.version ... 
2026-05-10 14:08:37 +0000  1 bytes for ./Payload/MyIIS.app/ru.lproj/nlu.appintents/d2b9ad4b5b992381396bf4032430c5df.version
2026-05-10 14:08:37 +0000  copying file ./Payload/MyIIS.app/ru.lproj/Localizable.strings ... 
2026-05-10 14:08:37 +0000  15010 bytes for ./Payload/MyIIS.app/ru.lproj/Localizable.strings
2026-05-10 14:08:37 +0000  copying file ./Payload/MyIIS.app/MyIIS ... 
2026-05-10 14:08:37 +0000  2721136 bytes for ./Payload/MyIIS.app/MyIIS
2026-05-10 14:08:37 +0000  copying file ./Payload/MyIIS.app/embedded.mobileprovision ... 
2026-05-10 14:08:37 +0000  16674 bytes for ./Payload/MyIIS.app/embedded.mobileprovision
2026-05-10 14:08:37 +0000  copying file ./Payload/MyIIS.app/Info.plist ... 
2026-05-10 14:08:37 +0000  1838 bytes for ./Payload/MyIIS.app/Info.plist
copying file ./Payload/MyIIS.app/PkgInfo ... 
2026-05-10 14:08:37 +0000  8 bytes for ./Payload/MyIIS.app/PkgInfo
copying file ./Payload/MyIIS.app/logo76x76@2x~ipad.png ... 
2026-05-10 14:08:37 +0000  12726 bytes for ./Payload/MyIIS.app/logo76x76@2x~ipad.png
2026-05-10 14:08:37 +0000 [MT] /usr/bin/ditto exited with 0
2026-05-10 14:08:37 +0000 [MT] Processing step: IDEDistributionAppStoreInformationStep
2026-05-10 14:08:37 +0000 [MT] Skipping step: IDEDistributionAppStoreInformationStep because it said so
2026-05-10 14:08:37 +0000 [MT] Processing step: IDEDistributionGenerateProcessedDistributionItems
2026-05-10 14:08:37 +0000 [MT] IDEDistributionItem init <DVTFilePath:0xc07c54840:'/var/folders/rg/1_pf61xn6_57gqmztzvs57880000gn/T/XcodeDistPipeline.~~~hrgD7m/Root/Payload/MyIIS.app'>
2026-05-10 14:08:37 +0000 [MT] Processing step: IDEDistributionCreateManifestStep
